exports[`test should render event name ucorrectly 1`] = `
<Unknown
  event={
    Object {
      "event_name": "Understanding How Collaboration Increases Productivity",
    }
  } />
`;
